------------------------------------------------------------
Timing Analyzer Summary
------------------------------------------------------------

Type  : Slow 1100mV 85C Model Setup 'divider|pll_inst|altera_pll_i|general[0].gpll~PLL_OUTPUT_COUNTER|divclk'
Slack : -8.523
TNS   : -39.988

Type  : Slow 1100mV 85C Model Setup 'MOUSE:l|MOUSE_CLK_FILTER'
Slack : -8.144
TNS   : -174.752

Type  : Slow 1100mV 85C Model Setup 'VGA_SYNC:vga|vert_sync_out'
Slack : -4.358
TNS   : -177.558

Type  : Slow 1100mV 85C Model Hold 'divider|pll_inst|altera_pll_i|general[0].gpll~PLL_OUTPUT_COUNTER|divclk'
Slack : 0.418
TNS   : 0.000

Type  : Slow 1100mV 85C Model Hold 'VGA_SYNC:vga|vert_sync_out'
Slack : 0.709
TNS   : 0.000

Type  : Slow 1100mV 85C Model Hold 'MOUSE:l|MOUSE_CLK_FILTER'
Slack : 0.761
TNS   : 0.000

Type  : Slow 1100mV 85C Model Recovery 'MOUSE:l|MOUSE_CLK_FILTER'
Slack : -7.173
TNS   : -114.623

Type  : Slow 1100mV 85C Model Removal 'MOUSE:l|MOUSE_CLK_FILTER'
Slack : 6.076
TNS   : 0.000

Type  : Slow 1100mV 85C Model Minimum Pulse Width 'VGA_SYNC:vga|vert_sync_out'
Slack : -0.538
TNS   : -43.760

Type  : Slow 1100mV 85C Model Minimum Pulse Width 'MOUSE:l|MOUSE_CLK_FILTER'
Slack : -0.538
TNS   : -17.966

Type  : Slow 1100mV 85C Model Minimum Pulse Width 'divider|pll_inst|altera_pll_i|general[0].gpll~FRACTIONAL_PLL|vcoph[0]'
Slack : 1.666
TNS   : 0.000

Type  : Slow 1100mV 85C Model Minimum Pulse Width 'CLOCK_50'
Slack : 9.949
TNS   : 0.000

Type  : Slow 1100mV 85C Model Minimum Pulse Width 'divider|pll_inst|altera_pll_i|general[0].gpll~PLL_OUTPUT_COUNTER|divclk'
Slack : 19.261
TNS   : 0.000

Type  : Slow 1100mV 0C Model Setup 'divider|pll_inst|altera_pll_i|general[0].gpll~PLL_OUTPUT_COUNTER|divclk'
Slack : -8.496
TNS   : -37.531

Type  : Slow 1100mV 0C Model Setup 'MOUSE:l|MOUSE_CLK_FILTER'
Slack : -8.121
TNS   : -172.039

Type  : Slow 1100mV 0C Model Setup 'VGA_SYNC:vga|vert_sync_out'
Slack : -4.352
TNS   : -179.084

Type  : Slow 1100mV 0C Model Hold 'divider|pll_inst|altera_pll_i|general[0].gpll~PLL_OUTPUT_COUNTER|divclk'
Slack : 0.280
TNS   : 0.000

Type  : Slow 1100mV 0C Model Hold 'VGA_SYNC:vga|vert_sync_out'
Slack : 0.696
TNS   : 0.000

Type  : Slow 1100mV 0C Model Hold 'MOUSE:l|MOUSE_CLK_FILTER'
Slack : 0.845
TNS   : 0.000

Type  : Slow 1100mV 0C Model Recovery 'MOUSE:l|MOUSE_CLK_FILTER'
Slack : -7.085
TNS   : -113.218

Type  : Slow 1100mV 0C Model Removal 'MOUSE:l|MOUSE_CLK_FILTER'
Slack : 6.204
TNS   : 0.000

Type  : Slow 1100mV 0C Model Minimum Pulse Width 'VGA_SYNC:vga|vert_sync_out'
Slack : -0.538
TNS   : -42.886

Type  : Slow 1100mV 0C Model Minimum Pulse Width 'MOUSE:l|MOUSE_CLK_FILTER'
Slack : -0.538
TNS   : -17.005

Type  : Slow 1100mV 0C Model Minimum Pulse Width 'divider|pll_inst|altera_pll_i|general[0].gpll~FRACTIONAL_PLL|vcoph[0]'
Slack : 1.666
TNS   : 0.000

Type  : Slow 1100mV 0C Model Minimum Pulse Width 'CLOCK_50'
Slack : 9.980
TNS   : 0.000

Type  : Slow 1100mV 0C Model Minimum Pulse Width 'divider|pll_inst|altera_pll_i|general[0].gpll~PLL_OUTPUT_COUNTER|divclk'
Slack : 19.174
TNS   : 0.000

Type  : Fast 1100mV 85C Model Setup 'MOUSE:l|MOUSE_CLK_FILTER'
Slack : -3.950
TNS   : -84.099

Type  : Fast 1100mV 85C Model Setup 'divider|pll_inst|altera_pll_i|general[0].gpll~PLL_OUTPUT_COUNTER|divclk'
Slack : -3.764
TNS   : -23.681

Type  : Fast 1100mV 85C Model Setup 'VGA_SYNC:vga|vert_sync_out'
Slack : -1.863
TNS   : -68.925

Type  : Fast 1100mV 85C Model Hold 'divider|pll_inst|altera_pll_i|general[0].gpll~PLL_OUTPUT_COUNTER|divclk'
Slack : 0.197
TNS   : 0.000

Type  : Fast 1100mV 85C Model Hold 'VGA_SYNC:vga|vert_sync_out'
Slack : 0.306
TNS   : 0.000

Type  : Fast 1100mV 85C Model Hold 'MOUSE:l|MOUSE_CLK_FILTER'
Slack : 0.327
TNS   : 0.000

Type  : Fast 1100mV 85C Model Recovery 'MOUSE:l|MOUSE_CLK_FILTER'
Slack : -3.524
TNS   : -56.277

Type  : Fast 1100mV 85C Model Removal 'MOUSE:l|MOUSE_CLK_FILTER'
Slack : 3.253
TNS   : 0.000

Type  : Fast 1100mV 85C Model Minimum Pulse Width 'VGA_SYNC:vga|vert_sync_out'
Slack : -0.076
TNS   : -1.297

Type  : Fast 1100mV 85C Model Minimum Pulse Width 'MOUSE:l|MOUSE_CLK_FILTER'
Slack : 0.149
TNS   : 0.000

Type  : Fast 1100mV 85C Model Minimum Pulse Width 'divider|pll_inst|altera_pll_i|general[0].gpll~FRACTIONAL_PLL|vcoph[0]'
Slack : 1.666
TNS   : 0.000

Type  : Fast 1100mV 85C Model Minimum Pulse Width 'CLOCK_50'
Slack : 9.643
TNS   : 0.000

Type  : Fast 1100mV 85C Model Minimum Pulse Width 'divider|pll_inst|altera_pll_i|general[0].gpll~PLL_OUTPUT_COUNTER|divclk'
Slack : 19.548
TNS   : 0.000

Type  : Fast 1100mV 0C Model Setup 'MOUSE:l|MOUSE_CLK_FILTER'
Slack : -3.821
TNS   : -80.825

Type  : Fast 1100mV 0C Model Setup 'divider|pll_inst|altera_pll_i|general[0].gpll~PLL_OUTPUT_COUNTER|divclk'
Slack : -3.202
TNS   : -18.701

Type  : Fast 1100mV 0C Model Setup 'VGA_SYNC:vga|vert_sync_out'
Slack : -1.640
TNS   : -60.506

Type  : Fast 1100mV 0C Model Hold 'divider|pll_inst|altera_pll_i|general[0].gpll~PLL_OUTPUT_COUNTER|divclk'
Slack : 0.098
TNS   : 0.000

Type  : Fast 1100mV 0C Model Hold 'VGA_SYNC:vga|vert_sync_out'
Slack : 0.279
TNS   : 0.000

Type  : Fast 1100mV 0C Model Hold 'MOUSE:l|MOUSE_CLK_FILTER'
Slack : 0.316
TNS   : 0.000

Type  : Fast 1100mV 0C Model Recovery 'MOUSE:l|MOUSE_CLK_FILTER'
Slack : -3.401
TNS   : -54.339

Type  : Fast 1100mV 0C Model Removal 'MOUSE:l|MOUSE_CLK_FILTER'
Slack : 3.203
TNS   : 0.000

Type  : Fast 1100mV 0C Model Minimum Pulse Width 'VGA_SYNC:vga|vert_sync_out'
Slack : -0.021
TNS   : -0.288

Type  : Fast 1100mV 0C Model Minimum Pulse Width 'MOUSE:l|MOUSE_CLK_FILTER'
Slack : 0.137
TNS   : 0.000

Type  : Fast 1100mV 0C Model Minimum Pulse Width 'divider|pll_inst|altera_pll_i|general[0].gpll~FRACTIONAL_PLL|vcoph[0]'
Slack : 1.666
TNS   : 0.000

Type  : Fast 1100mV 0C Model Minimum Pulse Width 'CLOCK_50'
Slack : 9.632
TNS   : 0.000

Type  : Fast 1100mV 0C Model Minimum Pulse Width 'divider|pll_inst|altera_pll_i|general[0].gpll~PLL_OUTPUT_COUNTER|divclk'
Slack : 19.543
TNS   : 0.000

------------------------------------------------------------
