------------------------------------------------------------
Timing Analyzer Summary
------------------------------------------------------------

Type  : Slow 1100mV 85C Model Setup 'divider|pll_inst|altera_pll_i|general[0].gpll~PLL_OUTPUT_COUNTER|divclk'
Slack : -9.597
TNS   : -427.676

Type  : Slow 1100mV 85C Model Setup 'MOUSE:l|MOUSE_CLK_FILTER'
Slack : -8.530
TNS   : -277.668

Type  : Slow 1100mV 85C Model Setup 'VGA_SYNC:vga|vert_sync_out'
Slack : -6.758
TNS   : -885.846

Type  : Slow 1100mV 85C Model Setup 'hold_collision:collision_handle|collide2'
Slack : -4.946
TNS   : -19.513

Type  : Slow 1100mV 85C Model Setup 'KEY[0]'
Slack : -3.301
TNS   : -3.301

Type  : Slow 1100mV 85C Model Setup 'KEY[3]'
Slack : -1.293
TNS   : -1.293

Type  : Slow 1100mV 85C Model Hold 'divider|pll_inst|altera_pll_i|general[0].gpll~PLL_OUTPUT_COUNTER|divclk'
Slack : 0.260
TNS   : 0.000

Type  : Slow 1100mV 85C Model Hold 'VGA_SYNC:vga|vert_sync_out'
Slack : 0.518
TNS   : 0.000

Type  : Slow 1100mV 85C Model Hold 'KEY[3]'
Slack : 0.646
TNS   : 0.000

Type  : Slow 1100mV 85C Model Hold 'MOUSE:l|MOUSE_CLK_FILTER'
Slack : 0.713
TNS   : 0.000

Type  : Slow 1100mV 85C Model Hold 'hold_collision:collision_handle|collide2'
Slack : 0.800
TNS   : 0.000

Type  : Slow 1100mV 85C Model Hold 'KEY[0]'
Slack : 1.057
TNS   : 0.000

Type  : Slow 1100mV 85C Model Recovery 'MOUSE:l|MOUSE_CLK_FILTER'
Slack : -7.149
TNS   : -114.223

Type  : Slow 1100mV 85C Model Recovery 'hold_collision:collision_handle|collide2'
Slack : -4.608
TNS   : -36.810

Type  : Slow 1100mV 85C Model Recovery 'VGA_SYNC:vga|vert_sync_out'
Slack : -4.362
TNS   : -42.999

Type  : Slow 1100mV 85C Model Removal 'hold_collision:collision_handle|collide2'
Slack : 1.389
TNS   : 0.000

Type  : Slow 1100mV 85C Model Removal 'VGA_SYNC:vga|vert_sync_out'
Slack : 3.125
TNS   : 0.000

Type  : Slow 1100mV 85C Model Removal 'MOUSE:l|MOUSE_CLK_FILTER'
Slack : 6.037
TNS   : 0.000

Type  : Slow 1100mV 85C Model Minimum Pulse Width 'VGA_SYNC:vga|vert_sync_out'
Slack : -0.538
TNS   : -137.481

Type  : Slow 1100mV 85C Model Minimum Pulse Width 'MOUSE:l|MOUSE_CLK_FILTER'
Slack : -0.538
TNS   : -27.835

Type  : Slow 1100mV 85C Model Minimum Pulse Width 'hold_collision:collision_handle|collide2'
Slack : -0.538
TNS   : -7.269

Type  : Slow 1100mV 85C Model Minimum Pulse Width 'KEY[3]'
Slack : -0.538
TNS   : -0.806

Type  : Slow 1100mV 85C Model Minimum Pulse Width 'KEY[0]'
Slack : -0.538
TNS   : -0.791

Type  : Slow 1100mV 85C Model Minimum Pulse Width 'divider|pll_inst|altera_pll_i|general[0].gpll~FRACTIONAL_PLL|vcoph[0]'
Slack : 1.666
TNS   : 0.000

Type  : Slow 1100mV 85C Model Minimum Pulse Width 'CLOCK_50'
Slack : 9.949
TNS   : 0.000

Type  : Slow 1100mV 85C Model Minimum Pulse Width 'divider|pll_inst|altera_pll_i|general[0].gpll~PLL_OUTPUT_COUNTER|divclk'
Slack : 18.638
TNS   : 0.000

Type  : Slow 1100mV 0C Model Setup 'divider|pll_inst|altera_pll_i|general[0].gpll~PLL_OUTPUT_COUNTER|divclk'
Slack : -9.404
TNS   : -415.639

Type  : Slow 1100mV 0C Model Setup 'MOUSE:l|MOUSE_CLK_FILTER'
Slack : -8.532
TNS   : -273.098

Type  : Slow 1100mV 0C Model Setup 'VGA_SYNC:vga|vert_sync_out'
Slack : -6.526
TNS   : -860.778

Type  : Slow 1100mV 0C Model Setup 'hold_collision:collision_handle|collide2'
Slack : -4.870
TNS   : -19.361

Type  : Slow 1100mV 0C Model Setup 'KEY[0]'
Slack : -3.127
TNS   : -3.127

Type  : Slow 1100mV 0C Model Setup 'KEY[3]'
Slack : -1.233
TNS   : -1.233

Type  : Slow 1100mV 0C Model Hold 'divider|pll_inst|altera_pll_i|general[0].gpll~PLL_OUTPUT_COUNTER|divclk'
Slack : 0.056
TNS   : 0.000

Type  : Slow 1100mV 0C Model Hold 'VGA_SYNC:vga|vert_sync_out'
Slack : 0.552
TNS   : 0.000

Type  : Slow 1100mV 0C Model Hold 'KEY[3]'
Slack : 0.667
TNS   : 0.000

Type  : Slow 1100mV 0C Model Hold 'MOUSE:l|MOUSE_CLK_FILTER'
Slack : 0.751
TNS   : 0.000

Type  : Slow 1100mV 0C Model Hold 'hold_collision:collision_handle|collide2'
Slack : 0.784
TNS   : 0.000

Type  : Slow 1100mV 0C Model Hold 'KEY[0]'
Slack : 0.856
TNS   : 0.000

Type  : Slow 1100mV 0C Model Recovery 'MOUSE:l|MOUSE_CLK_FILTER'
Slack : -7.062
TNS   : -112.834

Type  : Slow 1100mV 0C Model Recovery 'hold_collision:collision_handle|collide2'
Slack : -4.473
TNS   : -35.730

Type  : Slow 1100mV 0C Model Recovery 'VGA_SYNC:vga|vert_sync_out'
Slack : -4.268
TNS   : -42.037

Type  : Slow 1100mV 0C Model Removal 'hold_collision:collision_handle|collide2'
Slack : 1.267
TNS   : 0.000

Type  : Slow 1100mV 0C Model Removal 'VGA_SYNC:vga|vert_sync_out'
Slack : 3.115
TNS   : 0.000

Type  : Slow 1100mV 0C Model Removal 'MOUSE:l|MOUSE_CLK_FILTER'
Slack : 6.172
TNS   : 0.000

Type  : Slow 1100mV 0C Model Minimum Pulse Width 'VGA_SYNC:vga|vert_sync_out'
Slack : -0.538
TNS   : -134.708

Type  : Slow 1100mV 0C Model Minimum Pulse Width 'MOUSE:l|MOUSE_CLK_FILTER'
Slack : -0.538
TNS   : -27.135

Type  : Slow 1100mV 0C Model Minimum Pulse Width 'hold_collision:collision_handle|collide2'
Slack : -0.538
TNS   : -7.170

Type  : Slow 1100mV 0C Model Minimum Pulse Width 'KEY[3]'
Slack : -0.538
TNS   : -0.828

Type  : Slow 1100mV 0C Model Minimum Pulse Width 'KEY[0]'
Slack : -0.538
TNS   : -0.811

Type  : Slow 1100mV 0C Model Minimum Pulse Width 'divider|pll_inst|altera_pll_i|general[0].gpll~FRACTIONAL_PLL|vcoph[0]'
Slack : 1.666
TNS   : 0.000

Type  : Slow 1100mV 0C Model Minimum Pulse Width 'CLOCK_50'
Slack : 9.980
TNS   : 0.000

Type  : Slow 1100mV 0C Model Minimum Pulse Width 'divider|pll_inst|altera_pll_i|general[0].gpll~PLL_OUTPUT_COUNTER|divclk'
Slack : 18.582
TNS   : 0.000

Type  : Fast 1100mV 85C Model Setup 'divider|pll_inst|altera_pll_i|general[0].gpll~PLL_OUTPUT_COUNTER|divclk'
Slack : -4.576
TNS   : -200.306

Type  : Fast 1100mV 85C Model Setup 'MOUSE:l|MOUSE_CLK_FILTER'
Slack : -4.247
TNS   : -135.690

Type  : Fast 1100mV 85C Model Setup 'VGA_SYNC:vga|vert_sync_out'
Slack : -3.733
TNS   : -467.279

Type  : Fast 1100mV 85C Model Setup 'hold_collision:collision_handle|collide2'
Slack : -2.712
TNS   : -7.431

Type  : Fast 1100mV 85C Model Setup 'KEY[0]'
Slack : -1.463
TNS   : -1.463

Type  : Fast 1100mV 85C Model Setup 'KEY[3]'
Slack : -0.220
TNS   : -0.220

Type  : Fast 1100mV 85C Model Hold 'divider|pll_inst|altera_pll_i|general[0].gpll~PLL_OUTPUT_COUNTER|divclk'
Slack : -0.093
TNS   : -0.252

Type  : Fast 1100mV 85C Model Hold 'VGA_SYNC:vga|vert_sync_out'
Slack : 0.161
TNS   : 0.000

Type  : Fast 1100mV 85C Model Hold 'KEY[0]'
Slack : 0.285
TNS   : 0.000

Type  : Fast 1100mV 85C Model Hold 'KEY[3]'
Slack : 0.348
TNS   : 0.000

Type  : Fast 1100mV 85C Model Hold 'hold_collision:collision_handle|collide2'
Slack : 0.350
TNS   : 0.000

Type  : Fast 1100mV 85C Model Hold 'MOUSE:l|MOUSE_CLK_FILTER'
Slack : 0.381
TNS   : 0.000

Type  : Fast 1100mV 85C Model Recovery 'MOUSE:l|MOUSE_CLK_FILTER'
Slack : -3.509
TNS   : -56.047

Type  : Fast 1100mV 85C Model Recovery 'hold_collision:collision_handle|collide2'
Slack : -2.524
TNS   : -20.177

Type  : Fast 1100mV 85C Model Recovery 'VGA_SYNC:vga|vert_sync_out'
Slack : -2.371
TNS   : -23.236

Type  : Fast 1100mV 85C Model Removal 'hold_collision:collision_handle|collide2'
Slack : 0.428
TNS   : 0.000

Type  : Fast 1100mV 85C Model Removal 'VGA_SYNC:vga|vert_sync_out'
Slack : 1.973
TNS   : 0.000

Type  : Fast 1100mV 85C Model Removal 'MOUSE:l|MOUSE_CLK_FILTER'
Slack : 3.220
TNS   : 0.000

Type  : Fast 1100mV 85C Model Minimum Pulse Width 'KEY[0]'
Slack : -0.342
TNS   : -0.364

Type  : Fast 1100mV 85C Model Minimum Pulse Width 'KEY[3]'
Slack : -0.321
TNS   : -0.324

Type  : Fast 1100mV 85C Model Minimum Pulse Width 'VGA_SYNC:vga|vert_sync_out'
Slack : -0.081
TNS   : -3.564

Type  : Fast 1100mV 85C Model Minimum Pulse Width 'hold_collision:collision_handle|collide2'
Slack : 0.092
TNS   : 0.000

Type  : Fast 1100mV 85C Model Minimum Pulse Width 'MOUSE:l|MOUSE_CLK_FILTER'
Slack : 0.127
TNS   : 0.000

Type  : Fast 1100mV 85C Model Minimum Pulse Width 'divider|pll_inst|altera_pll_i|general[0].gpll~FRACTIONAL_PLL|vcoph[0]'
Slack : 1.666
TNS   : 0.000

Type  : Fast 1100mV 85C Model Minimum Pulse Width 'CLOCK_50'
Slack : 9.643
TNS   : 0.000

Type  : Fast 1100mV 85C Model Minimum Pulse Width 'divider|pll_inst|altera_pll_i|general[0].gpll~PLL_OUTPUT_COUNTER|divclk'
Slack : 18.894
TNS   : 0.000

Type  : Fast 1100mV 0C Model Setup 'MOUSE:l|MOUSE_CLK_FILTER'
Slack : -4.075
TNS   : -130.081

Type  : Fast 1100mV 0C Model Setup 'divider|pll_inst|altera_pll_i|general[0].gpll~PLL_OUTPUT_COUNTER|divclk'
Slack : -3.620
TNS   : -164.141

Type  : Fast 1100mV 0C Model Setup 'VGA_SYNC:vga|vert_sync_out'
Slack : -3.427
TNS   : -433.793

Type  : Fast 1100mV 0C Model Setup 'hold_collision:collision_handle|collide2'
Slack : -2.542
TNS   : -6.428

Type  : Fast 1100mV 0C Model Setup 'KEY[0]'
Slack : -1.150
TNS   : -1.150

Type  : Fast 1100mV 0C Model Setup 'KEY[3]'
Slack : -0.151
TNS   : -0.151

Type  : Fast 1100mV 0C Model Hold 'divider|pll_inst|altera_pll_i|general[0].gpll~PLL_OUTPUT_COUNTER|divclk'
Slack : -0.359
TNS   : -3.318

Type  : Fast 1100mV 0C Model Hold 'KEY[0]'
Slack : 0.115
TNS   : 0.000

Type  : Fast 1100mV 0C Model Hold 'VGA_SYNC:vga|vert_sync_out'
Slack : 0.146
TNS   : 0.000

Type  : Fast 1100mV 0C Model Hold 'hold_collision:collision_handle|collide2'
Slack : 0.310
TNS   : 0.000

Type  : Fast 1100mV 0C Model Hold 'KEY[3]'
Slack : 0.317
TNS   : 0.000

Type  : Fast 1100mV 0C Model Hold 'MOUSE:l|MOUSE_CLK_FILTER'
Slack : 0.353
TNS   : 0.000

Type  : Fast 1100mV 0C Model Recovery 'MOUSE:l|MOUSE_CLK_FILTER'
Slack : -3.389
TNS   : -54.153

Type  : Fast 1100mV 0C Model Recovery 'hold_collision:collision_handle|collide2'
Slack : -2.359
TNS   : -18.851

Type  : Fast 1100mV 0C Model Recovery 'VGA_SYNC:vga|vert_sync_out'
Slack : -2.243
TNS   : -22.022

Type  : Fast 1100mV 0C Model Removal 'hold_collision:collision_handle|collide2'
Slack : 0.342
TNS   : 0.000

Type  : Fast 1100mV 0C Model Removal 'VGA_SYNC:vga|vert_sync_out'
Slack : 1.910
TNS   : 0.000

Type  : Fast 1100mV 0C Model Removal 'MOUSE:l|MOUSE_CLK_FILTER'
Slack : 3.179
TNS   : 0.000

Type  : Fast 1100mV 0C Model Minimum Pulse Width 'KEY[0]'
Slack : -0.367
TNS   : -0.407

Type  : Fast 1100mV 0C Model Minimum Pulse Width 'KEY[3]'
Slack : -0.342
TNS   : -0.357

Type  : Fast 1100mV 0C Model Minimum Pulse Width 'VGA_SYNC:vga|vert_sync_out'
Slack : -0.026
TNS   : -0.488

Type  : Fast 1100mV 0C Model Minimum Pulse Width 'hold_collision:collision_handle|collide2'
Slack : 0.114
TNS   : 0.000

Type  : Fast 1100mV 0C Model Minimum Pulse Width 'MOUSE:l|MOUSE_CLK_FILTER'
Slack : 0.121
TNS   : 0.000

Type  : Fast 1100mV 0C Model Minimum Pulse Width 'divider|pll_inst|altera_pll_i|general[0].gpll~FRACTIONAL_PLL|vcoph[0]'
Slack : 1.666
TNS   : 0.000

Type  : Fast 1100mV 0C Model Minimum Pulse Width 'CLOCK_50'
Slack : 9.632
TNS   : 0.000

Type  : Fast 1100mV 0C Model Minimum Pulse Width 'divider|pll_inst|altera_pll_i|general[0].gpll~PLL_OUTPUT_COUNTER|divclk'
Slack : 18.895
TNS   : 0.000

------------------------------------------------------------
